// Jest Snapshot v1, https://goo.gl/fbAQLP

exports[`decive type reducer should get device types to empty list 1`] = `Array []`;
