// Jest Snapshot v1, https://goo.gl/fbAQLP

exports[`ranking reducer should get ranking to empty list 1`] = `
Object {
  "data": Array [],
  "isFetching": false,
}
`;
